  Source.cpp
C:\Users\vip\Desktop\Program_2\Class6th (Linear Queue)\Source.cpp(56,27): error C2440: 'return': 'T *'에서 'const T &'(으)로 변환할 수 없습니다.
C:\Users\vip\Desktop\Program_2\Class6th (Linear Queue)\Source.cpp(56,27): error C2440:         with
C:\Users\vip\Desktop\Program_2\Class6th (Linear Queue)\Source.cpp(56,27): error C2440:         [
C:\Users\vip\Desktop\Program_2\Class6th (Linear Queue)\Source.cpp(56,27): error C2440:             T=int
C:\Users\vip\Desktop\Program_2\Class6th (Linear Queue)\Source.cpp(56,27): error C2440:         ]
      C:\Users\vip\Desktop\Program_2\Class6th (Linear Queue)\Source.cpp(56,27):
      원인: 'T *'에서 'const T'(으)로 변환할 수 없습니다.
          with
          [
              T=int
          ]
      C:\Users\vip\Desktop\Program_2\Class6th (Linear Queue)\Source.cpp(56,27):
      이 변환이 가능한 컨텍스트가 없습니다.
      C:\Users\vip\Desktop\Program_2\Class6th (Linear Queue)\Source.cpp(56,27):
      템플릿 인스턴스화 컨텍스트(가장 오래된 인스턴스화 컨텍스트)가
          C:\Users\vip\Desktop\Program_2\Class6th (Linear Queue)\Source.cpp(66,13):
          컴파일되는 클래스 템플릿 인스턴스화 'Queue<int>'에 대한 참조를 확인하세요.
          C:\Users\vip\Desktop\Program_2\Class6th (Linear Queue)\Source.cpp(54,11):
          클래스 템플릿 멤버 함수 'const T &Queue<T>::front(void)'을(를) 컴파일하는 중입니다.
          with
          [
              T=int
          ]
              C:\Users\vip\Desktop\Program_2\Class6th (Linear Queue)\Source.cpp(76,25):
              'main'에서 'Queue<int>::front'에 대한 첫 번째 참조를 확인하세요.
  
